[debug] [2026-10-05T12:20:24.226Z] ----------------------------------------------------------------------
[debug] [2026-10-05T12:20:24.255Z] Command:       /usr/local/bin/node /usr/local/bin/firebase projects:list
[debug] [2026-10-05T12:20:24.256Z] CLI Version:   15.30.0
[debug] [2026-10-05T12:20:24.256Z] Platform:      linux
[debug] [2026-10-05T12:20:24.256Z] Node Version:  v22.23.2
[debug] [2026-10-05T12:20:24.257Z] Detected Agent: unknown
[debug] [2026-10-05T12:20:24.257Z] Time:          Mon Oct 05 2026 12:20:24 GMT+0000 (Coordinated Universal Time)
[debug] [2026-10-05T12:20:24.257Z] ----------------------------------------------------------------------
[debug] 
[debug] [2026-10-05T12:20:24.296Z] >>> [apiv2][query] GET https://firebase-public.firebaseio.com/cli.json [none]
[debug] [2026-10-05T12:20:24.680Z] > command requires scopes: ["email","openid","https://www.googleapis.com/auth/cloudplatformprojects.readonly","https://www.googleapis.com/auth/firebase","https://www.googleapis.com/auth/cloud-platform"]
[debug] [2026-10-05T12:20:24.732Z] Running auto auth
[debug] [2026-10-05T12:20:24.740Z] No OAuth tokens found
[debug] [2026-10-05T12:20:24.741Z] >>> [apiv2][query] GET https://firebase.googleapis.com/v1beta1/projects pageSize=1000
[debug] [2026-10-05T12:20:24.828Z] <<< [apiv2][status] GET https://firebase.googleapis.com/v1beta1/projects 403
[debug] [2026-10-05T12:20:24.828Z] <<< [apiv2][body] GET https://firebase.googleapis.com/v1beta1/projects [omitted]
[debug] [2026-10-05T12:20:24.829Z] Request to https://firebase.googleapis.com/v1beta1/projects?pageSize=1000 had HTTP Error: 403, Firebase Management API has not been used in project 635112446540 before or it is disabled. Enable it by visiting https://console.developers.google.com/apis/api/firebase.googleapis.com/overview?project=635112446540 then retry. If you enabled this API recently, wait a few minutes for the action to propagate to our systems and retry.
[debug] [2026-10-05T12:20:24.831Z] FirebaseError: Request to https://firebase.googleapis.com/v1beta1/projects?pageSize=1000 had HTTP Error: 403, Firebase Management API has not been used in project 635112446540 before or it is disabled. Enable it by visiting https://console.developers.google.com/apis/api/firebase.googleapis.com/overview?project=635112446540 then retry. If you enabled this API recently, wait a few minutes for the action to propagate to our systems and retry.
    at responseToError (/usr/local/lib/node_modules/firebase-tools/lib/responseToError.js:53:12)
    at RetryOperation._fn (/usr/local/lib/node_modules/firebase-tools/lib/apiv2.js:415:77)
    at process.processTicksAndRejections (node:internal/process/task_queues:103:5)
[error] 
[error] Error: Failed to list Firebase projects. See firebase-debug.log for more info.
[debug] [2026-10-05T12:20:24.901Z] <<< [apiv2][status] GET https://firebase-public.firebaseio.com/cli.json 200
[debug] [2026-10-05T12:20:24.901Z] <<< [apiv2][body] GET https://firebase-public.firebaseio.com/cli.json {"cloudBuildErrorAfter":1594252800000,"cloudBuildWarnAfter":1590019200000,"defaultNode10After":1594252800000,"minVersion":"3.0.5","node8DeploysDisabledAfter":1613390400000,"node8RuntimeDisabledAfter":1615809600000,"node8WarnAfter":1600128000000}
[debug] [2026-10-06T08:36:26.276Z] ----------------------------------------------------------------------
[debug] [2026-10-06T08:36:26.279Z] Command:       /usr/local/bin/node /usr/local/bin/firebase projects:list
[debug] [2026-10-06T08:36:26.280Z] CLI Version:   15.31.0
[debug] [2026-10-06T08:36:26.280Z] Platform:      linux
[debug] [2026-10-06T08:36:26.280Z] Node Version:  v22.23.3
[debug] [2026-10-06T08:36:26.281Z] Detected Agent: unknown
[debug] [2026-10-06T08:36:26.281Z] Time:          Tue Oct 06 2026 08:36:26 GMT+0000 (Coordinated Universal Time)
[debug] [2026-10-06T08:36:26.281Z] ----------------------------------------------------------------------
[debug] 
[debug] [2026-10-06T08:36:26.313Z] >>> [apiv2][query] GET https://firebase-public.firebaseio.com/cli.json [none]
[debug] [2026-10-06T08:36:26.671Z] > command requires scopes: ["email","openid","https://www.googleapis.com/auth/cloudplatformprojects.readonly","https://www.googleapis.com/auth/firebase","https://www.googleapis.com/auth/cloud-platform"]
[debug] [2026-10-06T08:36:26.719Z] Running auto auth
[debug] [2026-10-06T08:36:26.727Z] No OAuth tokens found
[debug] [2026-10-06T08:36:26.727Z] >>> [apiv2][query] GET https://firebase.googleapis.com/v1beta1/projects pageSize=1000
[debug] [2026-10-06T08:36:26.812Z] <<< [apiv2][status] GET https://firebase.googleapis.com/v1beta1/projects 403
[debug] [2026-10-06T08:36:26.812Z] <<< [apiv2][body] GET https://firebase.googleapis.com/v1beta1/projects [omitted]
[debug] [2026-10-06T08:36:26.813Z] Request to https://firebase.googleapis.com/v1beta1/projects?pageSize=1000 had HTTP Error: 403, Firebase Management API has not been used in project 635112446540 before or it is disabled. Enable it by visiting https://console.developers.google.com/apis/api/firebase.googleapis.com/overview?project=635112446540 then retry. If you enabled this API recently, wait a few minutes for the action to propagate to our systems and retry.
[debug] [2026-10-06T08:36:26.814Z] FirebaseError: Request to https://firebase.googleapis.com/v1beta1/projects?pageSize=1000 had HTTP Error: 403, Firebase Management API has not been used in project 635112446540 before or it is disabled. Enable it by visiting https://console.developers.google.com/apis/api/firebase.googleapis.com/overview?project=635112446540 then retry. If you enabled this API recently, wait a few minutes for the action to propagate to our systems and retry.
    at responseToError (/usr/local/lib/node_modules/firebase-tools/lib/responseToError.js:53:12)
    at RetryOperation._fn (/usr/local/lib/node_modules/firebase-tools/lib/apiv2.js:415:77)
    at process.processTicksAndRejections (node:internal/process/task_queues:103:5)
[error] 
[error] Error: Failed to list Firebase projects. See firebase-debug.log for more info.
[debug] [2026-10-06T08:36:26.886Z] <<< [apiv2][status] GET https://firebase-public.firebaseio.com/cli.json 200
[debug] [2026-10-06T08:36:26.887Z] <<< [apiv2][body] GET https://firebase-public.firebaseio.com/cli.json {"cloudBuildErrorAfter":1594252800000,"cloudBuildWarnAfter":1590019200000,"defaultNode10After":1594252800000,"minVersion":"3.0.5","node8DeploysDisabledAfter":1613390400000,"node8RuntimeDisabledAfter":1615809600000,"node8WarnAfter":1600128000000}
